// Jest Snapshot v1, https://goo.gl/fbAQLP

exports[`App component expect to render App comp 1`] = `
<ContextProvider
  value={
    {
      "getServerState": undefined,
      "store": {
        "clearActions": [Function],
        "dispatch": [Function],
        "getActions": [Function],
        "getState": [Function],
        "replaceReducer": [Function],
        "subscribe": [Function],
      },
      "subscription": {
        "addNestedSub": [Function],
        "getListeners": [Function],
        "handleChangeWrapper": [Function],
        "isSubscribed": [Function],
        "notifyNestedSubs": [Function],
        "trySubscribe": [Function],
        "tryUnsubscribe": [Function],
      },
    }
  }
>
  <Connect(App) />
</ContextProvider>
`;
