// Jest Snapshot v1, https://goo.gl/fbAQLP

exports[`expect to render Scroll comp 1`] = `
<div
  style={
    {
      "border": "1px solid gray",
      "overflowY": "scroll",
    }
  }
/>
`;
